#> Parameter(s) A, s not specified in formula and assumed constant.
#> Processing data set 1
#> Likelihood speedup factor: 1 (11424 unique trials)
#> Intercept formula added for trend_pars: v.q0, v.alpha, v.w_w
#> Parameter(s) A, s not specified in formula and assumed constant.
#> Because the model contains a delta rule, data will not be compressed.
#> Processing data set 1
#> Intercept formula added for trend_pars: v.q0, v.alpha, v.w_w
#> Parameter(s) A, s not specified in formula and assumed constant.
#> Because the model contains a delta rule, data will not be compressed.
#> Processing data set 1
#> Running preburn stage
#> [preburn | try=1 | iters=50] Duration: 10.3 s - ETA: 2.1 min-7.2 min
#> Running burn stage
#> [burn | try=1 | iters=100 | Mean Rhat=1.027] Duration: 17.3 s - ETA: 3.2 min-11.8 min
#> Running adapt stage
#> Enough unique values detected: 150
#> Testing proposal distribution creation
#> Successfully adapted - stopping adaptation
#> [adapt | try=1 | iters=100] Duration: 17.6 s - ETA: 2.9 min-6.2 min
#> Running sample stage
#> [sample | try=1 | iters=100 | Max Rhat=1.09] Duration: 16.0 s - ETA: 2.4 min-5.1 min
#> [sample | try=2 | iters=200 | Max Rhat=1.047] Duration: 15.5 s - ETA: 2.1 min-4.6 min
#> [sample | try=3 | iters=300 | Max Rhat=1.038] Duration: 16.5 s - ETA: 1.9 min-4.7 min
#> [sample | try=4 | iters=400 | Max Rhat=1.022] Duration: 17.5 s - ETA: 1.8 min-4.7 min
#> [sample | try=5 | iters=500 | Max Rhat=1.02] Duration: 18.1 s - ETA: 1.5 min-4.5 min
#> [sample | try=6 | iters=600 | Max Rhat=1.014] Duration: 18.8 s - ETA: 1.3 min-4.4 min
#> [sample | try=7 | iters=700 | Max Rhat=1.012] Duration: 19.4 s - ETA: 58.1 s-4.2 min
#> [sample | try=8 | iters=800 | Max Rhat=1.01] Duration: 19.6 s - ETA: 39.1 s-3.9 min
#> [sample | try=9 | iters=900 | Max Rhat=1.011] Duration: 20.2 s - ETA: 20.2 s-3.7 min
#> [sample | try=10 | iters=1000 | Max Rhat=1.011] Duration: 20.6 s - ETA: 0.0 s-3.4 min
#> Sampling stopped | iters=1000 | Max Rhat=1.011 | Total duration: 4.0 min
#> One of the covariates in the model trends is either rt, R, or the output of a function provided to design.
#> Since the covariate depends on behavior, the data will be simulated trial-by-trial, reapplying the functions after each trial.
#> To override this behavior, pass `conditional_on_data=TRUE` to predict().
#> Intercept formula added for trend_pars: v.q0, v.alpha, v.w_w
#> Parameter(s) s, st0, sv, SZ, Z not specified in formula and assumed constant.
#> Because the model contains a delta rule, data will not be compressed.
#> Processing data set 1
#> Because the model contains a delta rule, data will not be compressed.
#> Processing data set 1
#> Running preburn stage
#> [preburn | try=1 | iters=50] Duration: 19.9 s - ETA: 4.0 min-13.9 min
#> Running burn stage
#> [burn | try=1 | iters=100 | Mean Rhat=1.019] Duration: 27.9 s - ETA: 5.1 min-19.1 min
#> Running adapt stage
#> Enough unique values detected: 150
#> Testing proposal distribution creation
#> Successfully adapted - stopping adaptation
#> [adapt | try=1 | iters=100] Duration: 28.7 s - ETA: 4.8 min-10.0 min
#> Running sample stage
#> [sample | try=1 | iters=100 | Max Rhat=1.116] Duration: 25.2 s - ETA: 3.8 min-8.0 min
#> [sample | try=2 | iters=200 | Max Rhat=1.06] Duration: 22.9 s - ETA: 3.1 min-6.9 min
#> [sample | try=3 | iters=300 | Max Rhat=1.038] Duration: 23.0 s - ETA: 2.7 min-6.5 min
#> [sample | try=4 | iters=400 | Max Rhat=1.026] Duration: 22.8 s - ETA: 2.3 min-6.1 min
#> [sample | try=5 | iters=500 | Max Rhat=1.023] Duration: 22.0 s - ETA: 1.8 min-5.5 min
#> [sample | try=6 | iters=600 | Max Rhat=1.03] Duration: 22.3 s - ETA: 1.5 min-5.2 min
#> [sample | try=7 | iters=700 | Max Rhat=1.031] Duration: 21.9 s - ETA: 1.1 min-4.7 min
#> [sample | try=8 | iters=800 | Max Rhat=1.017] Duration: 22.5 s - ETA: 45.1 s-4.5 min
#> [sample | try=9 | iters=900 | Max Rhat=1.013] Duration: 22.6 s - ETA: 22.6 s-4.1 min
#> [sample | try=10 | iters=1000 | Max Rhat=1.011] Duration: 23.2 s - ETA: 0.0 s-3.9 min
#> Sampling stopped | iters=1000 | Max Rhat=1.011 | Total duration: 5.3 min
#> One of the covariates in the model trends is either rt, R, or the output of a function provided to design.
#> Since the covariate depends on behavior, the data will be simulated trial-by-trial, reapplying the functions after each trial.
#> To override this behavior, pass `conditional_on_data=TRUE` to predict().
#> Intercept formula added for trend_pars: v.q0, v.alpha, v.w_d, v.w_s
#> Parameter(s) A, s not specified in formula and assumed constant.
#> Because the model contains a delta rule, data will not be compressed.
#> Processing data set 1
#> Because the model contains a delta rule, data will not be compressed.
#> Processing data set 1
#> Running preburn stage
#> [preburn | try=1 | iters=50] Duration: 16.7 s - ETA: 3.3 min-11.7 min
#> Running burn stage
#> [burn | try=1 | iters=100 | Mean Rhat=1.031] Duration: 26.8 s - ETA: 4.9 min-18.3 min
#> Running adapt stage
#> Enough unique values detected: 150
#> Testing proposal distribution creation
#> Successfully adapted - stopping adaptation
#> [adapt | try=1 | iters=100] Duration: 27.8 s - ETA: 4.6 min-9.7 min
#> Running sample stage
#> [sample | try=1 | iters=100 | Max Rhat=1.087] Duration: 25.5 s - ETA: 3.8 min-8.1 min
#> [sample | try=2 | iters=200 | Max Rhat=1.043] Duration: 25.2 s - ETA: 3.4 min-7.5 min
#> [sample | try=3 | iters=300 | Max Rhat=1.04] Duration: 23.6 s - ETA: 2.8 min-6.7 min
#> [sample | try=4 | iters=400 | Max Rhat=1.028] Duration: 24.4 s - ETA: 2.4 min-6.5 min
#> [sample | try=5 | iters=500 | Max Rhat=1.022] Duration: 25.4 s - ETA: 2.1 min-6.3 min
#> [sample | try=6 | iters=600 | Max Rhat=1.014] Duration: 25.8 s - ETA: 1.7 min-6.0 min
#> [sample | try=7 | iters=700 | Max Rhat=1.011] Duration: 27.4 s - ETA: 1.4 min-5.9 min
#> [sample | try=8 | iters=800 | Max Rhat=1.007] Duration: 27.7 s - ETA: 55.3 s-5.5 min
#> [sample | try=9 | iters=900 | Max Rhat=1.007] Duration: 28.2 s - ETA: 28.2 s-5.2 min
#> [sample | try=10 | iters=1000 | Max Rhat=1.009] Duration: 26.3 s - ETA: 0.0 s-4.4 min
#> Sampling stopped | iters=1000 | Max Rhat=1.009 | Total duration: 5.8 min
#> One of the covariates in the model trends is either rt, R, or the output of a function provided to design.
#> Since the covariate depends on behavior, the data will be simulated trial-by-trial, reapplying the functions after each trial.
#> To override this behavior, pass `conditional_on_data=TRUE` to predict().
